// Jest Snapshot v1, https://goo.gl/fbAQLP

exports[`Register Mock Render Correct Default Mock 1`] = `
Object {
  "asFragment": [Function],
  "baseElement": <body>
    <div>
      <div
        class="flex-1 chess-bg grid place-items-center grid-rows-max shadow-sm"
      >
        <div
          class="bg-gray-800 px-4 md:px-10 py-12 w-full max-w-md rounded-sm fade-in "
        >
          <form
            data-testid="reset-mail"
          >
            <h1
              class="text-center text-4xl text-white mb-7"
            >
              Reset Password
            </h1>
            <p
              class="text-mercury-800 py-2"
            >
              Please enter your email, you will receive an mail to reset your password
            </p>
            <div
              class="space-y-2"
            >
              <div
                class="space-y-1.5 text-sm"
              >
                <label
                  class="block text-cotton-seed "
                  data-testid="textfield-label-email"
                  for="email"
                >
                  Email
                </label>
                <input
                  autocomplete="on"
                  class="block w-full outline-none rounded-sm bg-tuna py-2 px-1.5  text-mercury"
                  data-testid="textfield-input-email"
                  id="email"
                  name="email"
                  type="text"
                />
              </div>
            </div>
            <div
              class="mt-4 mb-4"
            >
              <button
                class="bg-btn-1 w-full py-2 text-white rounded-sm focus:outline-none "
                data-testid="btnform-send-an-email"
                type="submit"
              >
                Send An Email
              </button>
            </div>
          </form>
          <div>
            <div
              class="text-center"
              data-testid="sidelink-wrapper-or-reset-by-phone-number"
            >
              <a
                class="text-mercury text-sm duration-300 hover:text-malibu"
                data-testid="sidelink-link-or-reset-by-phone-number"
                href="/auth/reset-phone"
              >
                Or Reset By Phone Number?
              </a>
            </div>
          </div>
        </div>
      </div>
    </div>
  </body>,
  "container": <div>
    <div
      class="flex-1 chess-bg grid place-items-center grid-rows-max shadow-sm"
    >
      <div
        class="bg-gray-800 px-4 md:px-10 py-12 w-full max-w-md rounded-sm fade-in "
      >
        <form
          data-testid="reset-mail"
        >
          <h1
            class="text-center text-4xl text-white mb-7"
          >
            Reset Password
          </h1>
          <p
            class="text-mercury-800 py-2"
          >
            Please enter your email, you will receive an mail to reset your password
          </p>
          <div
            class="space-y-2"
          >
            <div
              class="space-y-1.5 text-sm"
            >
              <label
                class="block text-cotton-seed "
                data-testid="textfield-label-email"
                for="email"
              >
                Email
              </label>
              <input
                autocomplete="on"
                class="block w-full outline-none rounded-sm bg-tuna py-2 px-1.5  text-mercury"
                data-testid="textfield-input-email"
                id="email"
                name="email"
                type="text"
              />
            </div>
          </div>
          <div
            class="mt-4 mb-4"
          >
            <button
              class="bg-btn-1 w-full py-2 text-white rounded-sm focus:outline-none "
              data-testid="btnform-send-an-email"
              type="submit"
            >
              Send An Email
            </button>
          </div>
        </form>
        <div>
          <div
            class="text-center"
            data-testid="sidelink-wrapper-or-reset-by-phone-number"
          >
            <a
              class="text-mercury text-sm duration-300 hover:text-malibu"
              data-testid="sidelink-link-or-reset-by-phone-number"
              href="/auth/reset-phone"
            >
              Or Reset By Phone Number?
            </a>
          </div>
        </div>
      </div>
    </div>
  </div>,
  "debug": [Function],
  "findAllByAltText": [Function],
  "findAllByDisplayValue": [Function],
  "findAllByLabelText": [Function],
  "findAllByPlaceholderText": [Function],
  "findAllByRole": [Function],
  "findAllByTestId": [Function],
  "findAllByText": [Function],
  "findAllByTitle": [Function],
  "findByAltText": [Function],
  "findByDisplayValue": [Function],
  "findByLabelText": [Function],
  "findByPlaceholderText": [Function],
  "findByRole": [Function],
  "findByTestId": [Function],
  "findByText": [Function],
  "findByTitle": [Function],
  "getAllByAltText": [Function],
  "getAllByDisplayValue": [Function],
  "getAllByLabelText": [Function],
  "getAllByPlaceholderText": [Function],
  "getAllByRole": [Function],
  "getAllByTestId": [Function],
  "getAllByText": [Function],
  "getAllByTitle": [Function],
  "getByAltText": [Function],
  "getByDisplayValue": [Function],
  "getByLabelText": [Function],
  "getByPlaceholderText": [Function],
  "getByRole": [Function],
  "getByTestId": [Function],
  "getByText": [Function],
  "getByTitle": [Function],
  "queryAllByAltText": [Function],
  "queryAllByDisplayValue": [Function],
  "queryAllByLabelText": [Function],
  "queryAllByPlaceholderText": [Function],
  "queryAllByRole": [Function],
  "queryAllByTestId": [Function],
  "queryAllByText": [Function],
  "queryAllByTitle": [Function],
  "queryByAltText": [Function],
  "queryByDisplayValue": [Function],
  "queryByLabelText": [Function],
  "queryByPlaceholderText": [Function],
  "queryByRole": [Function],
  "queryByTestId": [Function],
  "queryByText": [Function],
  "queryByTitle": [Function],
  "rerender": [Function],
  "unmount": [Function],
}
`;
